ROS2 bag 创建于 "./result/rosbag_read_write.bag"
Opening storage
opening db using path "/var/folders/yh/1_1fh4_94gj8_v1p5lkv61r40000gn/T/.tmpnmVXJY/.tmpnmVXJY.db3"
Opening storage Done
query string is SELECT topics.id, messages.timestamp, messages.data FROM messages JOIN topics ON messages.topic_id=topics.id WHERE topics.name IN ('topic1', 'topic2') ORDER BY messages.timestamp
处理消息: 1 0 [1]
处理消息: 2 0 [0]
处理消息: 1 1 [3]
处理消息: 2 1 [2]
处理消息: 1 2 [5]
处理消息: 2 2 [4]
处理消息: 1 3 [7]
处理消息: 2 3 [6]
处理消息: 1 4 [9]
处理消息: 2 4 [8]
处理消息: 1 5 [11]
处理消息: 2 5 [10]
处理消息: 1 6 [13]
处理消息: 2 6 [12]
处理消息: 1 7 [15]
处理消息: 2 7 [14]
处理消息: 1 8 [17]
处理消息: 2 8 [16]
处理消息: 1 9 [19]
处理消息: 2 9 [18]
